N64_Controls.c:9:6:delay	16	static
N64_Controls.c:15:6:Send_Zero	8	static
N64_Controls.c:26:6:Send_One	8	static
N64_Controls.c:36:6:Update_Controller_Status	16	static
N64_Controls.c:58:6:Update_Controller_A	16	static
N64_Controls.c:63:6:Update_Controller_B	16	static
N64_Controls.c:68:6:Update_Controller_Z	16	static
N64_Controls.c:73:6:Update_Controller_Start	16	static
N64_Controls.c:78:6:Update_Controller_Up	16	static
N64_Controls.c:83:6:Update_Controller_Down	16	static
N64_Controls.c:88:6:Update_Controller_Left	16	static
N64_Controls.c:93:6:Update_Controller_Right	16	static
N64_Controls.c:98:6:Update_Controller_Left_Bumper	16	static
N64_Controls.c:103:6:Update_Controller_Right_Bumper	16	static
N64_Controls.c:108:6:Update_Controller_C_Up	16	static
N64_Controls.c:113:6:Update_Controller_C_Down	16	static
N64_Controls.c:118:6:Update_Controller_C_Left	16	static
N64_Controls.c:123:6:Update_Controller_C_Right	16	static
N64_Controls.c:128:6:Update_Controller_X_Axis	16	static
N64_Controls.c:133:6:Update_Controller_Y_Axis	16	static
N64_Controls.c:139:6:Press_Buttons	24	static
