N64_Controls.c:9:6:delay	16	static
N64_Controls.c:14:6:Send_Zero	8	static
N64_Controls.c:24:6:Send_One	8	static
N64_Controls.c:34:6:Update_Controller_Status	16	static
N64_Controls.c:56:6:Update_Controller_A	16	static
N64_Controls.c:61:6:Update_Controller_B	16	static
N64_Controls.c:66:6:Update_Controller_Z	16	static
N64_Controls.c:71:6:Update_Controller_Start	16	static
N64_Controls.c:76:6:Update_Controller_Up	16	static
N64_Controls.c:81:6:Update_Controller_Down	16	static
N64_Controls.c:86:6:Update_Controller_Left	16	static
N64_Controls.c:91:6:Update_Controller_Right	16	static
N64_Controls.c:96:6:Update_Controller_Left_Bumper	16	static
N64_Controls.c:101:6:Update_Controller_Right_Bumper	16	static
N64_Controls.c:106:6:Update_Controller_C_Up	16	static
N64_Controls.c:111:6:Update_Controller_C_Down	16	static
N64_Controls.c:116:6:Update_Controller_C_Left	16	static
N64_Controls.c:121:6:Update_Controller_C_Right	16	static
N64_Controls.c:126:6:Update_Controller_X_Axis	16	static
N64_Controls.c:131:6:Update_Controller_Y_Axis	16	static
N64_Controls.c:136:6:Press_Buttons	24	static
